BL51 BANKED LINKER/LOCATER V6.00                                                        02/18/2013  23:27:35  PAGE 1


BL51 BANKED LINKER/LOCATER V6.00, INVOKED BY:
C:\KEIL\C51\BIN\BL51.EXE .\text\output\STARTUP.obj, .\text\output\main.obj, .\text\output\led.obj, .\text\output\timer.o
>> bj TO .\text\output\test PRINT (.\text\output\test.m51) RAMSIZE (256)


MEMORY MODEL: SMALL


INPUT MODULES INCLUDED:
  .\text\output\STARTUP.obj (?C_STARTUP)
  .\text\output\main.obj (MAIN)
  .\text\output\led.obj (LED)
  .\text\output\timer.obj (TIMER)
  C:\KEIL\C51\LIB\C51S.LIB (?C_INIT)


LINK MAP OF MODULE:  .\text\output\test (?C_STARTUP)


            TYPE    BASE      LENGTH    RELOCATION   SEGMENT NAME
            -----------------------------------------------------

            * * * * * * *   D A T A   M E M O R Y   * * * * * * *
            REG     0000H     0008H     ABSOLUTE     "REG BANK 0"
            DATA    0008H     0004H     UNIT         ?DT?LED
            DATA    000CH     0001H     UNIT         ?DT?TIMER
            DATA    000DH     0001H     UNIT         _DATA_GROUP_
            IDATA   000EH     0001H     UNIT         ?STACK

            * * * * * * *   C O D E   M E M O R Y   * * * * * * *
            CODE    0000H     0003H     ABSOLUTE     
                    0003H     0008H                  *** GAP ***
            CODE    000BH     0003H     ABSOLUTE     
                    000EH     07F2H                  *** GAP ***
            CODE    0800H     008CH     UNIT         ?C_C51STARTUP
            CODE    088CH     0037H     UNIT         ?PR?MAIN?MAIN
            CODE    08C3H     0021H     UNIT         ?PR?LEDSTATECHANGE?LED
            CODE    08E4H     0011H     UNIT         ?PR?TIMER0INIT?TIMER
            CODE    08F5H     000EH     UNIT         ?C_INITSEG
            CODE    0903H     000BH     UNIT         ?PR?LEDPROCESS?LED
            CODE    090EH     000AH     UNIT         ?PR?TIMER0?TIMER



OVERLAY MAP OF MODULE:   .\text\output\test (?C_STARTUP)


SEGMENT                          DATA_GROUP 
  +--> CALLED SEGMENT          START    LENGTH
----------------------------------------------
?C_C51STARTUP                  -----    -----
  +--> ?PR?MAIN?MAIN
  +--> ?C_INITSEG

?PR?MAIN?MAIN                  000DH    0001H
  +--> ?PR?TIMER0INIT?TIMER


BL51 BANKED LINKER/LOCATER V6.00                                                      02/18/2013  23:27:35  PAGE 2



UNRESOLVED EXTERNAL SYMBOLS:
   TABLE
   _LEDDISPLAY



SYMBOL TABLE OF MODULE:  .\text\output\test (?C_STARTUP)

  VALUE           TYPE          NAME
  ----------------------------------

  -------         MODULE        ?C_STARTUP
  C:0800H         SEGMENT       ?C_C51STARTUP
  I:000EH         SEGMENT       ?STACK
  C:0000H         PUBLIC        ?C_STARTUP
  D:00E0H         SYMBOL        ACC
  D:00F0H         SYMBOL        B
  D:0083H         SYMBOL        DPH
  D:0082H         SYMBOL        DPL
  N:0000H         SYMBOL        IBPSTACK
  N:0100H         SYMBOL        IBPSTACKTOP
  N:0080H         SYMBOL        IDATALEN
  C:0803H         SYMBOL        IDATALOOP
  N:0000H         SYMBOL        PBPSTACK
  N:0000H         SYMBOL        PBPSTACKTOP
  N:0000H         SYMBOL        PDATALEN
  N:0000H         SYMBOL        PDATASTART
  N:0000H         SYMBOL        PPAGE
  N:0000H         SYMBOL        PPAGEENABLE
  D:00A0H         SYMBOL        PPAGE_SFR
  D:0081H         SYMBOL        SP
  C:0800H         SYMBOL        STARTUP1
  N:0000H         SYMBOL        XBPSTACK
  N:0000H         SYMBOL        XBPSTACKTOP
  N:0000H         SYMBOL        XDATALEN
  N:0000H         SYMBOL        XDATASTART
  C:0000H         LINE#         92
  C:0800H         LINE#         99
  C:0802H         LINE#         100
  C:0803H         LINE#         101
  C:0804H         LINE#         102
  C:0806H         LINE#         151
  C:0809H         LINE#         155
  -------         ENDMOD        ?C_STARTUP

  -------         MODULE        MAIN
  C:0000H         SYMBOL        _ICE_DUMMY_
  D:0090H         PUBLIC        P1
  D:00B0H         PUBLIC        P3
  B:00A8H.7       PUBLIC        EA
  D:00A8H         PUBLIC        IE
  D:00B8H         PUBLIC        IP
  C:088CH         PUBLIC        main
  D:0098H         PUBLIC        SCON
  D:0088H         PUBLIC        TCON
  D:00C8H         PUBLIC        T2CON
BL51 BANKED LINKER/LOCATER V6.00                                                      02/18/2013  23:27:35  PAGE 3


  D:00D0H         PUBLIC        PSW
  -------         PROC          MAIN
  -------         DO            
  D:000DH         SYMBOL        i
  -------         ENDDO         
  C:088CH         LINE#         5
  C:088CH         LINE#         6
  C:088CH         LINE#         7
  C:088FH         LINE#         8
  C:0892H         LINE#         9
  C:0894H         LINE#         10
  C:0894H         LINE#         11
  C:0894H         LINE#         12
  C:089BH         LINE#         13
  C:089BH         LINE#         14
  C:089EH         LINE#         16
  C:08A7H         LINE#         17
  C:08A7H         LINE#         18
  C:08BFH         LINE#         19
  -------         ENDPROC       MAIN
  -------         ENDMOD        MAIN

  -------         MODULE        LED
  C:0000H         SYMBOL        _ICE_DUMMY_
  D:0090H         PUBLIC        P1
  D:00B0H         PUBLIC        P3
  D:00A8H         PUBLIC        IE
  D:00B8H         PUBLIC        IP
  D:0008H         SYMBOL        LedState
  D:0098H         PUBLIC        SCON
  D:0009H         SYMBOL        LedTimeCount
  D:0088H         PUBLIC        TCON
  C:08C3H         PUBLIC        LedStateChange
  D:000BH         SYMBOL        LedOnTime
  D:00C8H         PUBLIC        T2CON
  C:0903H         PUBLIC        LedProcess
  D:00D0H         PUBLIC        PSW
  -------         PROC          LEDPROCESS
  C:0903H         LINE#         13
  C:0903H         LINE#         14
  C:0903H         LINE#         15
  C:0907H         LINE#         16
  C:0907H         LINE#         17
  C:0909H         LINE#         18
  C:090AH         LINE#         20
  C:090AH         LINE#         21
  C:090DH         LINE#         22
  C:090DH         LINE#         23
  -------         ENDPROC       LEDPROCESS
  -------         PROC          LEDSTATECHANGE
  C:08C3H         LINE#         25
  C:08C3H         LINE#         26
  C:08C3H         LINE#         27
  C:08C7H         LINE#         28
  C:08C7H         LINE#         29
  C:08CAH         LINE#         30
  C:08D2H         LINE#         31
BL51 BANKED LINKER/LOCATER V6.00                                                      02/18/2013  23:27:35  PAGE 4


  C:08DBH         LINE#         32
  C:08DBH         LINE#         33
  C:08E0H         LINE#         34
  C:08E3H         LINE#         35
  C:08E3H         LINE#         36
  C:08E3H         LINE#         37
  -------         ENDPROC       LEDSTATECHANGE
  -------         ENDMOD        LED

  -------         MODULE        TIMER
  C:0000H         SYMBOL        _ICE_DUMMY_
  D:0090H         PUBLIC        P1
  D:00B0H         PUBLIC        P3
  D:00A8H         PUBLIC        IE
  D:00B8H         PUBLIC        IP
  D:000CH         PUBLIC        SystemTime1ms
  C:090EH         PUBLIC        Timer0
  D:0098H         PUBLIC        SCON
  D:0089H         PUBLIC        TMOD
  D:0088H         PUBLIC        TCON
  B:00A8H.1       PUBLIC        ET0
  C:08E4H         PUBLIC        Timer0Init
  D:008CH         PUBLIC        TH0
  D:008AH         PUBLIC        TL0
  B:0088H.4       PUBLIC        TR0
  D:00C8H         PUBLIC        T2CON
  D:00D0H         PUBLIC        PSW
  -------         PROC          TIMER0INIT
  C:08E4H         LINE#         6
  C:08E4H         LINE#         7
  C:08E4H         LINE#         8
  C:08E7H         LINE#         9
  C:08EAH         LINE#         10
  C:08EDH         LINE#         11
  C:08F0H         LINE#         12
  C:08F2H         LINE#         13
  C:08F4H         LINE#         14
  -------         ENDPROC       TIMER0INIT
  -------         PROC          TIMER0
  C:090EH         LINE#         16
  C:090EH         LINE#         18
  C:0911H         LINE#         19
  C:0914H         LINE#         20
  C:0917H         LINE#         22
  -------         ENDPROC       TIMER0
  -------         ENDMOD        TIMER

*** WARNING L16: UNCALLED SEGMENT, IGNORED FOR OVERLAY PROCESS
    SEGMENT: ?PR?LEDPROCESS?LED

*** WARNING L16: UNCALLED SEGMENT, IGNORED FOR OVERLAY PROCESS
    SEGMENT: ?PR?LEDSTATECHANGE?LED

*** WARNING L1: UNRESOLVED EXTERNAL SYMBOL
    SYMBOL:  TABLE
    MODULE:  .\text\output\main.obj (MAIN)

BL51 BANKED LINKER/LOCATER V6.00                                                      02/18/2013  23:27:35  PAGE 5


*** WARNING L1: UNRESOLVED EXTERNAL SYMBOL
    SYMBOL:  _LEDDISPLAY
    MODULE:  .\text\output\main.obj (MAIN)

*** WARNING L2: REFERENCE MADE TO UNRESOLVED EXTERNAL
    SYMBOL:  TABLE
    MODULE:  .\text\output\main.obj (MAIN)
    ADDRESS: 08B8H

*** WARNING L2: REFERENCE MADE TO UNRESOLVED EXTERNAL
    SYMBOL:  _LEDDISPLAY
    MODULE:  .\text\output\main.obj (MAIN)
    ADDRESS: 08BDH

******************************************************************************
* RESTRICTED VERSION WITH 0800H BYTE CODE SIZE LIMIT; USED: 009DH BYTE ( 7%) *
******************************************************************************

Program Size: data=15.0 xdata=0 code=286
LINK/LOCATE RUN COMPLETE.  6 WARNING(S),  0 ERROR(S)
